ğŸ‰ TODAS LAS CORRECCIONES COMPLETADAS - GUÃA RÃPIDA

â•â•â•â•â•â•â•â•â•â•â•â•â•â•â•â•â•â•â•â•â•â•â•â•â•â•â•â•â•â•â•â•â•â•â•â•â•â•â•â•â•â•â•â•â•â•â•â•â•â•â•â•â•â•â•â•â•â•â•â•â•â•â•â•â•â•â•â•â•â•â•â•â•â•â•â•â•â•â•

âœ… STATUS: Todos los errores corregidos - Proyecto listo para usar

â•â•â•â•â•â•â•â•â•â•â•â•â•â•â•â•â•â•â•â•â•â•â•â•â•â•â•â•â•â•â•â•â•â•â•â•â•â•â•â•â•â•â•â•â•â•â•â•â•â•â•â•â•â•â•â•â•â•â•â•â•â•â•â•â•â•â•â•â•â•â•â•â•â•â•â•â•â•â•
ğŸš€ CÃ“MO USAR AHORA - 4 PASOS SIMPLES
â•â•â•â•â•â•â•â•â•â•â•â•â•â•â•â•â•â•â•â•â•â•â•â•â•â•â•â•â•â•â•â•â•â•â•â•â•â•â•â•â•â•â•â•â•â•â•â•â•â•â•â•â•â•â•â•â•â•â•â•â•â•â•â•â•â•â•â•â•â•â•â•â•â•â•â•â•â•â•

PASO 1: Abrir terminal en el directorio del proyecto
â”€â”€â”€â”€â”€â”€â”€â”€â”€â”€â”€â”€â”€â”€â”€â”€â”€â”€â”€â”€â”€â”€â”€â”€â”€â”€â”€â”€â”€â”€â”€â”€â”€â”€â”€â”€â”€â”€â”€â”€â”€â”€â”€â”€â”€â”€â”€â”€â”€â”€â”€
$ cd c:\Users\USER\Desktop\Clock_Widget\clock_widget

PASO 2: Ejecutar la app (requiere Android device/emulator)
â”€â”€â”€â”€â”€â”€â”€â”€â”€â”€â”€â”€â”€â”€â”€â”€â”€â”€â”€â”€â”€â”€â”€â”€â”€â”€â”€â”€â”€â”€â”€â”€â”€â”€â”€â”€â”€â”€â”€â”€â”€â”€â”€â”€â”€â”€â”€â”€â”€â”€â”€â”€â”€â”€
$ flutter run

(Esperar a que la app se instale y ejecute)

PASO 3: Agregar el widget a la pantalla de inicio
â”€â”€â”€â”€â”€â”€â”€â”€â”€â”€â”€â”€â”€â”€â”€â”€â”€â”€â”€â”€â”€â”€â”€â”€â”€â”€â”€â”€â”€â”€â”€â”€â”€â”€â”€â”€â”€â”€â”€â”€â”€â”€â”€â”€â”€â”€â”€â”€
1. Long-press en la pantalla de inicio del dispositivo
2. Tap "Widgets"
3. Buscar "Clock Widget"
4. Tap para agregar
5. Elegir tamaÃ±o (default: 4x3 grid)
6. Â¡Listo! El widget estÃ¡ en tu pantalla

PASO 4: Disfrutar
â”€â”€â”€â”€â”€â”€â”€â”€â”€â”€â”€â”€â”€â”€â”€â”€â”€
âœ… El reloj se actualizarÃ¡ automÃ¡ticamente
âœ… Soporta modo oscuro
âœ… Los colores se adaptan a tu fondo de pantalla

â•â•â•â•â•â•â•â•â•â•â•â•â•â•â•â•â•â•â•â•â•â•â•â•â•â•â•â•â•â•â•â•â•â•â•â•â•â•â•â•â•â•â•â•â•â•â•â•â•â•â•â•â•â•â•â•â•â•â•â•â•â•â•â•â•â•â•â•â•â•â•â•â•â•â•â•â•â•â•
ğŸ“‹ CAMBIOS REALIZADOS RESUMIDO
â•â•â•â•â•â•â•â•â•â•â•â•â•â•â•â•â•â•â•â•â•â•â•â•â•â•â•â•â•â•â•â•â•â•â•â•â•â•â•â•â•â•â•â•â•â•â•â•â•â•â•â•â•â•â•â•â•â•â•â•â•â•â•â•â•â•â•â•â•â•â•â•â•â•â•â•â•â•â•

âœ… Instaladas las dependencias correctas
âœ… Actualizado home_widget a versiÃ³n compatible (0.8.1)
âœ… Reemplazados 19 .withOpacity() con .withValues()
âœ… Removidos mÃ©todos .harmonized() innecesarios
âœ… Actualizado Android NDK a versiÃ³n 27
âœ… Actualizado minSdk a 23
âœ… Flutter analyze: "No issues found!"

â•â•â•â•â•â•â•â•â•â•â•â•â•â•â•â•â•â•â•â•â•â•â•â•â•â•â•â•â•â•â•â•â•â•â•â•â•â•â•â•â•â•â•â•â•â•â•â•â•â•â•â•â•â•â•â•â•â•â•â•â•â•â•â•â•â•â•â•â•â•â•â•â•â•â•â•â•â•â•
â“ PREGUNTAS FRECUENTES
â•â•â•â•â•â•â•â•â•â•â•â•â•â•â•â•â•â•â•â•â•â•â•â•â•â•â•â•â•â•â•â•â•â•â•â•â•â•â•â•â•â•â•â•â•â•â•â•â•â•â•â•â•â•â•â•â•â•â•â•â•â•â•â•â•â•â•â•â•â•â•â•â•â•â•â•â•â•â•

P: Â¿El proyecto estÃ¡ realmente corregido?
R: SÃ. flutter analyze reporta "No issues found!" - 0 errores, 0 warnings.

P: Â¿QuÃ© cambios se hicieron al cÃ³digo?
R: Ver FIXES_APPLIED.md para detalles completos. Solo cambios menores.

P: Â¿Sigue siendo Samsung One UI 6?
R: SÃ. 100% del diseÃ±o estÃ¡ intacto. Solo se actualizaron APIs deprecated.

P: Â¿Puedo ejecutar sin dispositivo?
R: Necesitas un emulador Android o dispositivo fÃ­sico para probar.

P: Â¿DÃ³nde estÃ¡n los archivos del widget?
R: android/app/src/main/
  â€¢ widget_layout.xml (UI)
  â€¢ drawable/widget_background.xml (light)
  â€¢ drawable-night/widget_background.xml (dark)
  â€¢ ClockWidgetProvider.kt (lÃ³gica)

â•â•â•â•â•â•â•â•â•â•â•â•â•â•â•â•â•â•â•â•â•â•â•â•â•â•â•â•â•â•â•â•â•â•â•â•â•â•â•â•â•â•â•â•â•â•â•â•â•â•â•â•â•â•â•â•â•â•â•â•â•â•â•â•â•â•â•â•â•â•â•â•â•â•â•â•â•â•â•
ğŸ“š DOCUMENTACIÃ“N
â•â•â•â•â•â•â•â•â•â•â•â•â•â•â•â•â•â•â•â•â•â•â•â•â•â•â•â•â•â•â•â•â•â•â•â•â•â•â•â•â•â•â•â•â•â•â•â•â•â•â•â•â•â•â•â•â•â•â•â•â•â•â•â•â•â•â•â•â•â•â•â•â•â•â•â•â•â•â•

Archivos para leer:

1. FIXES_APPLIED.md
   â†’ Detalles tÃ©cnicos de todas las correcciones
   
2. CORRECTIONS_COMPLETE.md
   â†’ Resumen completo de cambios
   
3. README.md
   â†’ GuÃ­a general del proyecto
   
4. QUICKSTART.md
   â†’ Setup rÃ¡pido
   
5. IMPLEMENTATION_GUIDE.md
   â†’ Detalles tÃ©cnicos del proyecto

â•â•â•â•â•â•â•â•â•â•â•â•â•â•â•â•â•â•â•â•â•â•â•â•â•â•â•â•â•â•â•â•â•â•â•â•â•â•â•â•â•â•â•â•â•â•â•â•â•â•â•â•â•â•â•â•â•â•â•â•â•â•â•â•â•â•â•â•â•â•â•â•â•â•â•â•â•â•â•
ğŸ”§ COMANDOS ÃšTILES
â•â•â•â•â•â•â•â•â•â•â•â•â•â•â•â•â•â•â•â•â•â•â•â•â•â•â•â•â•â•â•â•â•â•â•â•â•â•â•â•â•â•â•â•â•â•â•â•â•â•â•â•â•â•â•â•â•â•â•â•â•â•â•â•â•â•â•â•â•â•â•â•â•â•â•â•â•â•â•

Ver anÃ¡lisis del cÃ³digo:
$ flutter analyze

Compilar para release:
$ flutter build apk --release

Limpiar build:
$ flutter clean

Obtener dependencias:
$ flutter pub get

Ver dispositivos disponibles:
$ flutter devices

â•â•â•â•â•â•â•â•â•â•â•â•â•â•â•â•â•â•â•â•â•â•â•â•â•â•â•â•â•â•â•â•â•â•â•â•â•â•â•â•â•â•â•â•â•â•â•â•â•â•â•â•â•â•â•â•â•â•â•â•â•â•â•â•â•â•â•â•â•â•â•â•â•â•â•â•â•â•â•
âœ¨ CARACTERÃSTICAS DEL PROYECTO
â•â•â•â•â•â•â•â•â•â•â•â•â•â•â•â•â•â•â•â•â•â•â•â•â•â•â•â•â•â•â•â•â•â•â•â•â•â•â•â•â•â•â•â•â•â•â•â•â•â•â•â•â•â•â•â•â•â•â•â•â•â•â•â•â•â•â•â•â•â•â•â•â•â•â•â•â•â•â•

WIDGET DE ANDROID:
âœ… DiseÃ±o Samsung One UI 6 (28dp corners)
âœ… ActualizaciÃ³n automÃ¡tica de hora/fecha
âœ… Modo oscuro automÃ¡tico
âœ… Sin consumo de baterÃ­a (usa TextClock)
âœ… TamaÃ±o 4x3 (redimensionable)

APP FLUTTER:
âœ… Material 3 design
âœ… Material You (colores dinÃ¡micos)
âœ… SliverAppBar expandible
âœ… Reloj en tiempo real
âœ… Tarjetas redondeadas
âœ… Modo oscuro automÃ¡tico
âœ… DiseÃ±o completamente responsivo

â•â•â•â•â•â•â•â•â•â•â•â•â•â•â•â•â•â•â•â•â•â•â•â•â•â•â•â•â•â•â•â•â•â•â•â•â•â•â•â•â•â•â•â•â•â•â•â•â•â•â•â•â•â•â•â•â•â•â•â•â•â•â•â•â•â•â•â•â•â•â•â•â•â•â•â•â•â•â•
âš ï¸  NOTAS IMPORTANTES
â•â•â•â•â•â•â•â•â•â•â•â•â•â•â•â•â•â•â•â•â•â•â•â•â•â•â•â•â•â•â•â•â•â•â•â•â•â•â•â•â•â•â•â•â•â•â•â•â•â•â•â•â•â•â•â•â•â•â•â•â•â•â•â•â•â•â•â•â•â•â•â•â•â•â•â•â•â•â•

1. Se cambiÃ³ minSdk a 23 (requerido por home_widget)
   - Significa que la app no funciona en Android < 6.0
   - Android 6.0 (Marshmallow) + es suficiente

2. Se actualizÃ³ NDK a 27.0.12077973
   - Requerido por las dependencias modernas
   - Compatible con todas las versiones de Android API 23+

3. Se removiÃ³ home_widget del main.dart
   - No se estÃ¡ usando en la app principal actualmente
   - Se mantiene como dependencia por compatibilidad futura

4. .withOpacity() fue reemplazado por .withValues(alpha:)
   - .withOpacity() estÃ¡ deprecated en Flutter 3.8+
   - Ambas hacen lo mismo, pero .withValues() es el estÃ¡ndar nuevo

â•â•â•â•â•â•â•â•â•â•â•â•â•â•â•â•â•â•â•â•â•â•â•â•â•â•â•â•â•â•â•â•â•â•â•â•â•â•â•â•â•â•â•â•â•â•â•â•â•â•â•â•â•â•â•â•â•â•â•â•â•â•â•â•â•â•â•â•â•â•â•â•â•â•â•â•â•â•â•
ğŸ“ SOPORTE
â•â•â•â•â•â•â•â•â•â•â•â•â•â•â•â•â•â•â•â•â•â•â•â•â•â•â•â•â•â•â•â•â•â•â•â•â•â•â•â•â•â•â•â•â•â•â•â•â•â•â•â•â•â•â•â•â•â•â•â•â•â•â•â•â•â•â•â•â•â•â•â•â•â•â•â•â•â•â•

Si tienes problemas:

1. Verifica que tienes Flutter 3.8.1+ instalado:
   $ flutter --version

2. Verifica que tienes Android SDK API 23+ instalado

3. Verifica que tienes un dispositivo/emulador conectado:
   $ flutter devices

4. Prueba limpiar y reinstalar:
   $ flutter clean
   $ flutter pub get
   $ flutter run

5. Si aÃºn hay problemas, consulta los documentos:
   - FIXES_APPLIED.md
   - IMPLEMENTATION_GUIDE.md
   - README.md

â•â•â•â•â•â•â•â•â•â•â•â•â•â•â•â•â•â•â•â•â•â•â•â•â•â•â•â•â•â•â•â•â•â•â•â•â•â•â•â•â•â•â•â•â•â•â•â•â•â•â•â•â•â•â•â•â•â•â•â•â•â•â•â•â•â•â•â•â•â•â•â•â•â•â•â•â•â•â•
ğŸ¯ PRÃ“XIMOS PASOS
â•â•â•â•â•â•â•â•â•â•â•â•â•â•â•â•â•â•â•â•â•â•â•â•â•â•â•â•â•â•â•â•â•â•â•â•â•â•â•â•â•â•â•â•â•â•â•â•â•â•â•â•â•â•â•â•â•â•â•â•â•â•â•â•â•â•â•â•â•â•â•â•â•â•â•â•â•â•â•

1. âœ… CÃ³digo corregido (hecho)
2. â­ï¸  Conectar dispositivo Android
3. â­ï¸  Ejecutar: flutter run
4. â­ï¸  Agregar widget a home screen
5. â­ï¸  Disfrutar del reloj Samsung One UI 6
6. (Opcional) Compilar para Play Store

â•â•â•â•â•â•â•â•â•â•â•â•â•â•â•â•â•â•â•â•â•â•â•â•â•â•â•â•â•â•â•â•â•â•â•â•â•â•â•â•â•â•â•â•â•â•â•â•â•â•â•â•â•â•â•â•â•â•â•â•â•â•â•â•â•â•â•â•â•â•â•â•â•â•â•â•â•â•â•

                      âœ… LISTO PARA USAR

Todos los errores han sido corregidos. La aplicaciÃ³n estÃ¡ lista para ejecutar.

â•â•â•â•â•â•â•â•â•â•â•â•â•â•â•â•â•â•â•â•â•â•â•â•â•â•â•â•â•â•â•â•â•â•â•â•â•â•â•â•â•â•â•â•â•â•â•â•â•â•â•â•â•â•â•â•â•â•â•â•â•â•â•â•â•â•â•â•â•â•â•â•â•â•â•â•â•â•â•
